---
source: src/citation/tests.rs
assertion_line: 208
expression: "render_entry(r#\"\n@book{knuth:ct:a,\n    author       = {Knuth, Donald E.},\n    title        = {The {\\TeX book}},\n    date         = 1984,\n    maintitle    = {Computers \\& Typesetting},\n    volume       = {A},\n    publisher    = {Addison-Wesley},\n    location     = {Reading, Mass.},\n    langid       = {english},\n    langidopts   = {variant=american},\n    sorttitle    = {Computers & Typesetting A},\n    indexsorttitle= {The TeXbook},\n    indextitle   = {\\protect\\TeX book, The},\n    shorttitle   = {\\TeX book},\n    annotation   = {The first volume of a five-volume book. Note the\n                    \\texttt{sorttitle} field. We want this\n                    volume to be listed after the entry referring to the entire\n                    five-volume set. Also note the \\texttt{indextitle} and\n                    \\texttt{indexsorttitle} fields. Indexing packages that don't\n                    generate robust index entries require some control sequences\n                    to be protected from expansion},\n}\n    \"#)"
---
D. Knuth: "The TeX book". *Computers & Typesetting*. Vol. A. Reading, Mass.: Addison-Wesley, 1984.
