---
source: src/citation/tests.rs
assertion_line: 64
expression: "render_entry(r#\"\n@string{jomch   = {J.~Organomet. Chem.}}\n\n@article{aksin,\n    author       = {Aks{\\i}n, {\\\"O}zge and T{\\\"u}rkmen, Hayati and Artok, Levent\n                    and {\\c{C}}etinkaya, Bekir and Ni, Chaoying and\n                    B{\\\"u}y{\\\"u}kg{\\\"u}ng{\\\"o}r, Orhan and {\\\"O}zkal, Erhan},\n    title        = {Effect of immobilization on catalytic characteristics of\n                    saturated {Pd-N}-heterocyclic carbenes in {Mizoroki-Heck}\n                    reactions},\n    journaltitle = jomch,\n    date         = 2006,\n    volume       = 691,\n    number       = 13,\n    pages        = {3027-3036},\n    indextitle   = {Effect of immobilization on catalytic characteristics},\n}\"#)"
---
O. Aksın, H. Türkmen, L. Artok, B. Çetinkaya, C. Ni, O. Büyükgüngör, E. Özkal: "Effect of immobilization on catalytic characteristics of saturated Pd-N-heterocyclic carbenes in Mizoroki-Heck reactions". *J. Organomet. Chem.* 691.13 (2006): 3027-3036.
