---
source: src/citation/tests.rs
assertion_line: 180
expression: "render_entry(r#\"\n@book{averroes/bland,\n    author       = {Averroes},\n    title        = {The Epistle on the Possibility of Conjunction with the Active\n                    Intellect by {Ibn Rushd} with the Commentary of {Moses Narboni}},\n    date         = 1982,\n    editor       = {Bland, Kalman P.},\n    translator   = {Bland, Kalman P.},\n    series       = {Moreshet: Studies in {Jewish} History, Literature and Thought},\n    number       = 7,\n    publisher    = {Jewish Theological Seminary of America},\n    location     = {New York},\n    keywords     = {primary},\n    langid       = {english},\n    langidopts   = {variant=american},\n    indextitle   = {Epistle on the Possibility of Conjunction, The},\n    shorttitle   = {Possibility of Conjunction},\n    annotation   = {A \\texttt{book} entry with a \\texttt{series} and a\n                    \\texttt{number}. Note the concatenation of the \\texttt{editor}\n                    and \\texttt{translator} fields as well as the\n                    \\texttt{indextitle} field},\n}\"#)"
---
"The Epistle on the Possibility of Conjunction with the Active Intellect by Ibn Rushd with the Commentary of Moses Narboni". Ed. by K. Bland. Trans. by K. Bland. Moreshet: Studies in Jewish History, Literature and Thought 7. New York: Jewish Theological Seminary of America, 1982.
