---
source: src/citation/tests.rs
assertion_line: 238
expression: "render_entry(r#\"\n@string{dtv     = {Deutscher Taschenbuch-Verlag}}\n\n@mvbook{nietzsche:ksa,\n    author       = {Nietzsche, Friedrich},\n    title        = {S{\\\"a}mtliche Werke},\n    date         = 1988,\n    editor       = {Colli, Giorgio and Montinari, Mazzino},\n    edition      = 2,\n    volumes      = 15,\n    publisher    = dtv # { and Walter de Gruyter},\n    location     = {M{\\\"u}nchen and Berlin and New York},\n    langid       = {german},\n    sorttitle    = {Werke-00-000},\n    indexsorttitle= {Samtliche Werke},\n    subtitle     = {Kritische Studienausgabe},\n    annotation   = {The critical edition of Nietzsche's works. This is a\n                    \\texttt{mvbook} entry referring to a 15-volume work as a\n                    whole. Note the \\texttt{volumes} field and the format of the\n                    \\texttt{publisher} and \\texttt{location} fields in the\n                    database file. Also note the \\texttt{sorttitle} and\n                    field which is used to fine-tune the\n                    sorting order of the bibliography. We want this item listed\n                    first in the bibliography},\n}\"#)"
---
F. Nietzsche: "Sämtliche Werke. Kritische Studienausgabe". Ed. by G. Colli, M. Montinari. 2nd. München and Berlin and New York: Deutscher Taschenbuch-Verlag and Walter de Gruyter, 1988.
