---
source: crates/texlab/tests/lsp/text_document/completion.rs
expression: "complete(r#\"\n%! main.tex\n\\addbibresource{main.bib}\n\\cite{\n      |\n\n%! main.bib\n@article{foo,}\"#)"
---
[
  {
    "label": "foo",
    "preselect": false,
    "filterText": "foo @article"
  }
]
